Archive member included because of file (symbol)

D:/SiliconLabs/SimplicityStudio/v4/developer/sdks/gecko_sdk_suite/v2.3//platform/bootloader/build/lib/\libbootloader_efx32xg11_gcc.a(btl_bootload.o)
                              ./ezsp-spi/btl_ezsp_spi.o (bootload_applicationCallback)
D:/SiliconLabs/SimplicityStudio/v4/developer/sdks/gecko_sdk_suite/v2.3//platform/bootloader/build/lib/\libbootloader_efx32xg11_gcc.a(btl_parse.o)
                              ./core/btl_main.o (core_initParser)
D:/SiliconLabs/SimplicityStudio/v4/developer/sdks/gecko_sdk_suite/v2.3//platform/bootloader/build/lib/\libbootloader_efx32xg11_gcc.a(btl_reset.o)
                              ./core/btl_main.o (reset_setResetReason)
D:/SiliconLabs/SimplicityStudio/v4/developer/sdks/gecko_sdk_suite/v2.3//platform/bootloader/build/lib/\libbootloader_efx32xg11_gcc.a(btl_internal_flash.o)
                              D:/SiliconLabs/SimplicityStudio/v4/developer/sdks/gecko_sdk_suite/v2.3//platform/bootloader/build/lib/\libbootloader_efx32xg11_gcc.a(btl_bootload.o) (flash_erasePage)
D:/SiliconLabs/SimplicityStudio/v4/developer/sdks/gecko_sdk_suite/v2.3//platform/bootloader/build/lib/\libparser_efx32xg11_gcc.a(btl_ebl_parser.o)
                              ./ezsp-spi/btl_ezsp_spi.o (parser_init)
d:/siliconlabs/simplicitystudio/v4/developer/toolchains/gnu_arm/4.9_2015q3/bin/../lib/gcc/arm-none-eabi/4.9.3/armv7e-m/softfp\libgcc.a(_aeabi_uldivmod.o)
                              ./emlib/em_usart.o (__aeabi_uldivmod)
d:/siliconlabs/simplicitystudio/v4/developer/toolchains/gnu_arm/4.9_2015q3/bin/../lib/gcc/arm-none-eabi/4.9.3/armv7e-m/softfp\libgcc.a(bpabi.o)
                              d:/siliconlabs/simplicitystudio/v4/developer/toolchains/gnu_arm/4.9_2015q3/bin/../lib/gcc/arm-none-eabi/4.9.3/armv7e-m/softfp\libgcc.a(_aeabi_uldivmod.o) (__gnu_uldivmod_helper)
d:/siliconlabs/simplicitystudio/v4/developer/toolchains/gnu_arm/4.9_2015q3/bin/../lib/gcc/arm-none-eabi/4.9.3/armv7e-m/softfp\libgcc.a(_dvmd_tls.o)
                              d:/siliconlabs/simplicitystudio/v4/developer/toolchains/gnu_arm/4.9_2015q3/bin/../lib/gcc/arm-none-eabi/4.9.3/armv7e-m/softfp\libgcc.a(_aeabi_uldivmod.o) (__aeabi_ldiv0)
d:/siliconlabs/simplicitystudio/v4/developer/toolchains/gnu_arm/4.9_2015q3/bin/../lib/gcc/arm-none-eabi/4.9.3/armv7e-m/softfp\libgcc.a(_divdi3.o)
                              d:/siliconlabs/simplicitystudio/v4/developer/toolchains/gnu_arm/4.9_2015q3/bin/../lib/gcc/arm-none-eabi/4.9.3/armv7e-m/softfp\libgcc.a(bpabi.o) (__divdi3)
d:/siliconlabs/simplicitystudio/v4/developer/toolchains/gnu_arm/4.9_2015q3/bin/../lib/gcc/arm-none-eabi/4.9.3/armv7e-m/softfp\libgcc.a(_udivdi3.o)
                              d:/siliconlabs/simplicitystudio/v4/developer/toolchains/gnu_arm/4.9_2015q3/bin/../lib/gcc/arm-none-eabi/4.9.3/armv7e-m/softfp\libgcc.a(bpabi.o) (__udivdi3)
d:/siliconlabs/simplicitystudio/v4/developer/toolchains/gnu_arm/4.9_2015q3/bin/../lib/gcc/arm-none-eabi/4.9.3/../../../../arm-none-eabi/lib/armv7e-m/softfp\libc_nano.a(lib_a-ctype_.o)
                              ./crypto/ecc.o (__ctype_ptr__)
d:/siliconlabs/simplicitystudio/v4/developer/toolchains/gnu_arm/4.9_2015q3/bin/../lib/gcc/arm-none-eabi/4.9.3/../../../../arm-none-eabi/lib/armv7e-m/softfp\libc_nano.a(lib_a-exit.o)
                              d:/siliconlabs/simplicitystudio/v4/developer/toolchains/gnu_arm/4.9_2015q3/bin/../lib/gcc/arm-none-eabi/4.9.3/../../../../arm-none-eabi/lib/armv7e-m/softfp/crt0.o (exit)
d:/siliconlabs/simplicitystudio/v4/developer/toolchains/gnu_arm/4.9_2015q3/bin/../lib/gcc/arm-none-eabi/4.9.3/../../../../arm-none-eabi/lib/armv7e-m/softfp\libc_nano.a(lib_a-impure.o)
                              d:/siliconlabs/simplicitystudio/v4/developer/toolchains/gnu_arm/4.9_2015q3/bin/../lib/gcc/arm-none-eabi/4.9.3/../../../../arm-none-eabi/lib/armv7e-m/softfp\libc_nano.a(lib_a-exit.o) (_global_impure_ptr)
d:/siliconlabs/simplicitystudio/v4/developer/toolchains/gnu_arm/4.9_2015q3/bin/../lib/gcc/arm-none-eabi/4.9.3/../../../../arm-none-eabi/lib/armv7e-m/softfp\libc_nano.a(lib_a-init.o)
                              d:/siliconlabs/simplicitystudio/v4/developer/toolchains/gnu_arm/4.9_2015q3/bin/../lib/gcc/arm-none-eabi/4.9.3/../../../../arm-none-eabi/lib/armv7e-m/softfp/crt0.o (__libc_init_array)
d:/siliconlabs/simplicitystudio/v4/developer/toolchains/gnu_arm/4.9_2015q3/bin/../lib/gcc/arm-none-eabi/4.9.3/../../../../arm-none-eabi/lib/armv7e-m/softfp\libc_nano.a(lib_a-memcmp.o)
                              D:/SiliconLabs/SimplicityStudio/v4/developer/sdks/gecko_sdk_suite/v2.3//platform/bootloader/build/lib/\libbootloader_efx32xg11_gcc.a(btl_bootload.o) (memcmp)
d:/siliconlabs/simplicitystudio/v4/developer/toolchains/gnu_arm/4.9_2015q3/bin/../lib/gcc/arm-none-eabi/4.9.3/../../../../arm-none-eabi/lib/armv7e-m/softfp\libc_nano.a(lib_a-memcpy.o)
                              ./ezsp-spi/btl_ezsp_spi.o (memcpy)
[...]
Memory Configuration

Name             Origin             Length             Attributes
FLASH            0x00000800         0x00003800         xr
RAM              0x20000000         0x00007c00         xrw
*default*        0x00000000         0xffffffff

Linker script and memory map

LOAD d:/siliconlabs/simplicitystudio/v4/developer/toolchains/gnu_arm/4.9_2015q3/bin/../lib/gcc/arm-none-eabi/4.9.3/armv7e-m/softfp/crti.o
LOAD d:/siliconlabs/simplicitystudio/v4/developer/toolchains/gnu_arm/4.9_2015q3/bin/../lib/gcc/arm-none-eabi/4.9.3/armv7e-m/softfp/crtbegin.o
LOAD d:/siliconlabs/simplicitystudio/v4/developer/toolchains/gnu_arm/4.9_2015q3/bin/../lib/gcc/arm-none-eabi/4.9.3/../../../../arm-none-eabi/lib/armv7e-m/softfp/crt0.o
START GROUP
LOAD ./CMSIS/system_efr32mg1p.o
LOAD ./bootloader-callback-stubs.o
LOAD ./bootloader-callbacks.o
LOAD ./core/EFR32/gcc/main_btl_startup.o
LOAD ./core/btl_core.o
LOAD ./core/btl_main.o
LOAD ./crc/btl_crc16.o
LOAD ./crc/btl_crc32.o
LOAD ./crypto/btl_security_aes.o
LOAD ./crypto/btl_security_ecdsa.o
LOAD ./crypto/btl_security_sha256.o
LOAD ./crypto/ecc.o
LOAD ./delay-driver/btl_driver_delay.o
LOAD ./emlib/em_assert.o
LOAD ./emlib/em_cmu.o
LOAD ./emlib/em_core.o
LOAD ./emlib/em_crypto.o
LOAD ./emlib/em_emu.o
LOAD ./emlib/em_gpio.o
LOAD ./emlib/em_msc.o
LOAD ./emlib/em_rmu.o
LOAD ./emlib/em_system.o
LOAD ./emlib/em_timer.o
LOAD ./emlib/em_usart.o
LOAD ./emlib/em_wdog.o
LOAD ./ezsp-spi/btl_ezsp_spi.o
LOAD ./gpio-activation/btl_gpio_activation.o
LOAD ./mbedtls/crypto_aes.o
LOAD ./mbedtls/crypto_management.o
LOAD ./mbedtls/crypto_sha.o
LOAD ./parser/btl_gbl_custom_tags.o
LOAD ./parser/btl_image_parser.o
LOAD ./spislave-driver/btl_driver_spislave.o
LOAD ./token-management/btl_security_tokens.o
LOAD ./xmodem-parser/btl_xmodem.o
LOAD d:/siliconlabs/simplicitystudio/v4/developer/toolchains/gnu_arm/4.9_2015q3/bin/../lib/gcc/arm-none-eabi/4.9.3/../../../../arm-none-eabi/lib/armv7e-m/softfp\libnosys.a
LOAD D:/SiliconLabs/SimplicityStudio/v4/developer/sdks/gecko_sdk_suite/v2.3//platform/bootloader/build/lib/\libbootloader_efx32xg11_gcc.a
LOAD D:/SiliconLabs/SimplicityStudio/v4/developer/sdks/gecko_sdk_suite/v2.3//platform/bootloader/build/lib/\libparser_efx32xg11_gcc.a
END GROUP
START GROUP
LOAD d:/siliconlabs/simplicitystudio/v4/developer/toolchains/gnu_arm/4.9_2015q3/bin/../lib/gcc/arm-none-eabi/4.9.3/armv7e-m/softfp\libgcc.a
LOAD d:/siliconlabs/simplicitystudio/v4/developer/toolchains/gnu_arm/4.9_2015q3/bin/../lib/gcc/arm-none-eabi/4.9.3/../../../../arm-none-eabi/lib/armv7e-m/softfp\libc_nano.a
LOAD d:/siliconlabs/simplicitystudio/v4/developer/toolchains/gnu_arm/4.9_2015q3/bin/../lib/gcc/arm-none-eabi/4.9.3/../../../../arm-none-eabi/lib/armv7e-m/softfp\libnosys.a
END GROUP
START GROUP
LOAD d:/siliconlabs/simplicitystudio/v4/developer/toolchains/gnu_arm/4.9_2015q3/bin/../lib/gcc/arm-none-eabi/4.9.3/armv7e-m/softfp\libgcc.a
LOAD d:/siliconlabs/simplicitystudio/v4/developer/toolchains/gnu_arm/4.9_2015q3/bin/../lib/gcc/arm-none-eabi/4.9.3/../../../../arm-none-eabi/lib/armv7e-m/softfp\libg_nano.a
LOAD d:/siliconlabs/simplicitystudio/v4/developer/toolchains/gnu_arm/4.9_2015q3/bin/../lib/gcc/arm-none-eabi/4.9.3/../../../../arm-none-eabi/lib/armv7e-m/softfp\libc_nano.a
END GROUP
START GROUP
LOAD d:/siliconlabs/simplicitystudio/v4/developer/toolchains/gnu_arm/4.9_2015q3/bin/../lib/gcc/arm-none-eabi/4.9.3/armv7e-m/softfp\libgcc.a
LOAD d:/siliconlabs/simplicitystudio/v4/developer/toolchains/gnu_arm/4.9_2015q3/bin/../lib/gcc/arm-none-eabi/4.9.3/../../../../arm-none-eabi/lib/armv7e-m/softfp\libc_nano.a
END GROUP
LOAD d:/siliconlabs/simplicitystudio/v4/developer/toolchains/gnu_arm/4.9_2015q3/bin/../lib/gcc/arm-none-eabi/4.9.3/armv7e-m/softfp/crtend.o
LOAD d:/siliconlabs/simplicitystudio/v4/developer/toolchains/gnu_arm/4.9_2015q3/bin/../lib/gcc/arm-none-eabi/4.9.3/armv7e-m/softfp/crtn.o

.text           0x00000800     0x30d0
 *(.vectors)
 .vectors       0x00000800       0x40 ./core/EFR32/gcc/main_btl_startup.o
                0x00000800                __Vectors
                0x00000840                __Vectors_End = .
                0x00000040                __Vectors_Size = (__Vectors_End - __Vectors)
                0x00000840                __end__ = .
 *(.text*)
 .text          0x00000840       0x5c d:/siliconlabs/simplicitystudio/v4/developer/toolchains/gnu_arm/4.9_2015q3/bin/../lib/gcc/arm-none-eabi/4.9.3/armv7e-m/softfp/crtbegin.o
 .text.SystemHFClockGet
                0x0000089c       0x48 ./CMSIS/system_efr32mg1p.o
                0x0000089c                SystemHFClockGet
 .text.SystemInit
                0x000008e4       0x44 ./CMSIS/system_efr32mg1p.o
                0x000008e4                SystemInit
 .text.Default_Handler
                0x00000928        0x2 ./core/EFR32/gcc/main_btl_startup.o
                0x00000928                DebugMon_Handler
                0x00000928                SysTick_Handler
                0x00000928                PendSV_Handler
                0x00000928                NMI_Handler
                0x00000928                UsageFault_Handler
                0x00000928                Default_Handler
                0x00000928                MemManage_Handler
                0x00000928                SVC_Handler
                0x00000928                BusFault_Handler
 *fill*         0x0000092a        0x2 
 .text.Reset_Handler
                0x0000092c       0x48 ./core/EFR32/gcc/main_btl_startup.o
                0x0000092c                Reset_Handler
 .text.btl_init
                0x00000974        0x4 ./core/btl_core.o
                0x00000974                btl_init
 .text.btl_deinit
                0x00000978        0x4 ./core/btl_core.o
                0x00000978                btl_deinit
 .text.HardFault_Handler
                0x0000097c        0xa ./core/btl_main.o
                0x0000097c                HardFault_Handler
 *fill*         0x00000986        0x2 
 .text.startup.main
                0x00000988       0xd0 ./core/btl_main.o
                0x00000988                main
 .text.SystemInit2
                0x00000a58       0x78 ./core/btl_main.o
                0x00000a58                SystemInit2
 .text.bootloader_enforceSecureBoot
                0x00000ad0        0x4 ./core/btl_main.o
                0x00000ad0                bootloader_enforceSecureBoot
 .text.btl_crc16
                0x00000ad4       0x1a ./crc/btl_crc16.o
                0x00000ad4                btl_crc16
 .text.btl_crc16Stream
                0x00000aee       0x1c ./crc/btl_crc16.o
                0x00000aee                btl_crc16Stream
 *fill*         0x00000b0a        0x2 
 .text.btl_crc32Stream
                0x00000b0c       0x38 ./crc/btl_crc32.o
                0x00000b0c                btl_crc32Stream
 .text.btl_initAesCcm
                0x00000b44       0x48 ./crypto/btl_security_aes.o
                0x00000b44                btl_initAesCcm
 .text.btl_processAesCtrData
                0x00000b8c       0x20 ./crypto/btl_security_aes.o
                0x00000b8c                btl_processAesCtrData
 .text.btl_verifyEcdsaP256r1
                0x00000bac       0x6c ./crypto/btl_security_ecdsa.o
                0x00000bac                btl_verifyEcdsaP256r1
 .text.btl_initSha256
                0x00000c18       0x14 ./crypto/btl_security_sha256.o
                0x00000c18                btl_initSha256
 .text.btl_updateSha256
                0x00000c2c        0x4 ./crypto/btl_security_sha256.o
                0x00000c2c                btl_updateSha256
 .text.btl_finalizeSha256
                0x00000c30        0x6 ./crypto/btl_security_sha256.o
                0x00000c30                btl_finalizeSha256
 .text.bigIntEqual32bitVal.part.0.constprop.6
                0x00000c36       0x16 ./crypto/ecc.o
 .text.CRYPTO_DDataWrite
                0x00000c4c       0x24 ./crypto/ecc.o
 .text.CRYPTO_DDataRead
                0x00000c70       0x24 ./crypto/ecc.o
 .text.ECC_ModularInversePrime
                0x00000c94       0x90 ./crypto/ecc.o
 .text.ECC_AddPrimeMixedProjectiveAffine
                0x00000d24      0x180 ./crypto/ecc.o
 .text.ECC_PointMul.constprop.2
                0x00000ea4      0x2b0 ./crypto/ecc.o
 .text.ECC_ProjectiveToAffine.constprop.1
                0x00001154       0xac ./crypto/ecc.o
 .text.ECC_ByteArrayToBigInt
                0x00001200       0x24 ./crypto/ecc.o
                0x00001200                ECC_ByteArrayToBigInt
 .text.ECC_ECDSA_VerifySignatureP256
                0x00001224      0x244 ./crypto/ecc.o
                0x00001224                ECC_ECDSA_VerifySignatureP256
 .text.delay_microseconds
                0x00001468       0x24 ./delay-driver/btl_driver_delay.o
                0x00001468                delay_microseconds
 .text.delay_init
                0x0000148c       0x58 ./delay-driver/btl_driver_delay.o
                0x0000148c                delay_init
 .text.delay_milliseconds
                0x000014e4       0x44 ./delay-driver/btl_driver_delay.o
                0x000014e4                delay_milliseconds
 .text.delay_expired
                0x00001528       0x38 ./delay-driver/btl_driver_delay.o
                0x00001528                delay_expired
 .text.syncReg  0x00001560       0x18 ./emlib/em_cmu.o
 .text.CMU_ClockEnable
                0x00001578       0x7c ./emlib/em_cmu.o
                0x00001578                CMU_ClockEnable
 .text.CORE_EnterCritical
                0x000015f4        0x8 ./emlib/em_core.o
                0x000015f4                CORE_EnterCritical
 .text.CORE_ExitCritical
                0x000015fc        0x6 ./emlib/em_core.o
                0x000015fc                CORE_ExitCritical
 .text.CRYPTO_ModulusSet
                0x00001602       0x2c ./emlib/em_crypto.o
                0x00001602                CRYPTO_ModulusSet
 *fill*         0x0000162e        0x2 
 .text.GPIO_PinModeSet
                0x00001630       0x78 ./emlib/em_gpio.o
                0x00001630                GPIO_PinModeSet
 .text.MSC_LoadVerifyAddress
                0x000016a8       0x44 ./emlib/em_msc.o
                0x000016a8                MSC_LoadVerifyAddress
 .text.MSC_LoadWriteData
                0x000016ec       0x84 ./emlib/em_msc.o
                0x000016ec                MSC_LoadWriteData
 .text.MSC_WriteWordI
                0x00001770       0x88 ./emlib/em_msc.o
                0x00001770                MSC_WriteWordI
 .text.MSC_ErasePage
                0x000017f8       0x70 ./emlib/em_msc.o
                0x000017f8                MSC_ErasePage
 .text.MSC_WriteWord
                0x00001868        0x6 ./emlib/em_msc.o
                0x00001868                MSC_WriteWord
 *fill*         0x0000186e        0x2 
 .text.SYSTEM_ChipRevisionGet
                0x00001870       0x34 ./emlib/em_system.o
                0x00001870                SYSTEM_ChipRevisionGet
 .text.TIMER_Init
                0x000018a4       0x8c ./emlib/em_timer.o
                0x000018a4                TIMER_Init
 .text.ezspSpi_error
                0x00001930       0x30 ./ezsp-spi/btl_ezsp_spi.o
 .text.ezspSpi_wakeHandshake
                0x00001960       0x44 ./ezsp-spi/btl_ezsp_spi.o
 .text.communication_init
                0x000019a4       0x58 ./ezsp-spi/btl_ezsp_spi.o
                0x000019a4                communication_init
 .text.communication_start
                0x000019fc       0x78 ./ezsp-spi/btl_ezsp_spi.o
                0x000019fc                communication_start
 .text.communication_main
                0x00001a74      0x444 ./ezsp-spi/btl_ezsp_spi.o
                0x00001a74                communication_main
 .text.communication_shutdown
                0x00001eb8       0x22 ./ezsp-spi/btl_ezsp_spi.o
                0x00001eb8                communication_shutdown
 *fill*         0x00001eda        0x2 
 .text.gpio_enterBootloader
                0x00001edc       0x7c ./gpio-activation/btl_gpio_activation.o
                0x00001edc                gpio_enterBootloader
 .text.CRYPTO_KeyBufWrite
                0x00001f58       0x5a ./mbedtls/crypto_aes.o
 .text.CRYPTO_DataWriteUnaligned
                0x00001fb2       0x44 ./mbedtls/crypto_aes.o
 .text.CRYPTO_DataReadUnaligned
                0x00001ff6       0x3e ./mbedtls/crypto_aes.o
 .text.mbedtls_aes_init
                0x00002034        0xc ./mbedtls/crypto_aes.o
                0x00002034                mbedtls_aes_init
 .text.mbedtls_aes_setkey_enc
                0x00002040       0x3c ./mbedtls/crypto_aes.o
                0x00002040                mbedtls_aes_setkey_enc
 .text.mbedtls_aes_crypt_ctr
                0x0000207c      0x18c ./mbedtls/crypto_aes.o
                0x0000207c                mbedtls_aes_crypt_ctr
 .text.crypto_management_acquire
                0x00002208       0x14 ./mbedtls/crypto_management.o
                0x00002208                crypto_management_acquire
 .text.crypto_management_release
                0x0000221c       0x1c ./mbedtls/crypto_management.o
                0x0000221c                crypto_management_release
 .text.CRYPTO_QDataWrite
                0x00002238       0x44 ./mbedtls/crypto_sha.o
 .text.crypto_sha_update_state
                0x0000227c      0x110 ./mbedtls/crypto_sha.o
 .text.mbedtls_sha256_init
                0x0000238c        0xc ./mbedtls/crypto_sha.o
                0x0000238c                mbedtls_sha256_init
 .text.mbedtls_sha256_starts_ret
                0x00002398       0x58 ./mbedtls/crypto_sha.o
                0x00002398                mbedtls_sha256_starts_ret
 .text.mbedtls_sha256_starts
                0x000023f0        0x4 ./mbedtls/crypto_sha.o
                0x000023f0                mbedtls_sha256_starts
 .text.mbedtls_sha256_process
                0x000023f4        0x8 ./mbedtls/crypto_sha.o
                0x000023f4                mbedtls_sha256_process
 .text.mbedtls_sha256_update_ret.part.1
                0x000023fc       0x80 ./mbedtls/crypto_sha.o
 .text.mbedtls_sha256_update_ret
                0x0000247c        0xc ./mbedtls/crypto_sha.o
                0x0000247c                mbedtls_sha256_update_ret
 .text.mbedtls_sha256_finish_ret
                0x00002488       0x94 ./mbedtls/crypto_sha.o
                0x00002488                mbedtls_sha256_finish_ret
 .text.mbedtls_sha256_update
                0x0000251c        0x4 ./mbedtls/crypto_sha.o
                0x0000251c                mbedtls_sha256_update
 .text.mbedtls_sha256_finish
                0x00002520        0x4 ./mbedtls/crypto_sha.o
                0x00002520                mbedtls_sha256_finish
 .text.gbl_isCustomTag
                0x00002524        0x4 ./parser/btl_gbl_custom_tags.o
                0x00002524                gbl_isCustomTag
 .text.gbl_getCustomTagProperties
                0x00002528        0x4 ./parser/btl_gbl_custom_tags.o
                0x00002528                gbl_getCustomTagProperties
 .text.parser_requireAuthenticity
                0x0000252c        0x4 ./parser/btl_image_parser.o
                0x0000252c                parser_requireAuthenticity
 .text.parser_requireConfidentiality
                0x00002530        0x4 ./parser/btl_image_parser.o
                0x00002530                parser_requireConfidentiality
 .text.parser_getApplicationAddress
                0x00002534        0xa ./parser/btl_image_parser.o
                0x00002534                parser_getApplicationAddress
 *fill*         0x0000253e        0x2 
 .text.parser_getBootloaderUpgradeAddress
                0x00002540       0x18 ./parser/btl_image_parser.o
                0x00002540                parser_getBootloaderUpgradeAddress
 .text.spislave_deinit
                0x00002558       0x68 ./spislave-driver/btl_driver_spislave.o
                0x00002558                spislave_deinit
 .text.spislave_init
                0x000025c0       0xec ./spislave-driver/btl_driver_spislave.o
                0x000025c0                spislave_init
 .text.spislave_getTxBytesLeft
                0x000026ac       0x40 ./spislave-driver/btl_driver_spislave.o
                0x000026ac                spislave_getTxBytesLeft
 .text.spislave_sendBuffer
                0x000026ec       0x68 ./spislave-driver/btl_driver_spislave.o
                0x000026ec                spislave_sendBuffer
 .text.spislave_enableTransmitter
                0x00002754       0x30 ./spislave-driver/btl_driver_spislave.o
                0x00002754                spislave_enableTransmitter
 .text.spislave_enableReceiver
                0x00002784       0x14 ./spislave-driver/btl_driver_spislave.o
                0x00002784                spislave_enableReceiver
 .text.spislave_getRxAvailableBytes
                0x00002798       0x48 ./spislave-driver/btl_driver_spislave.o
                0x00002798                spislave_getRxAvailableBytes
 .text.spislave_receiveBuffer
                0x000027e0       0x88 ./spislave-driver/btl_driver_spislave.o
                0x000027e0                spislave_receiveBuffer
 .text.spislave_receiveByte
                0x00002868       0x14 ./spislave-driver/btl_driver_spislave.o
                0x00002868                spislave_receiveByte
 .text.spislave_flush
                0x0000287c       0x54 ./spislave-driver/btl_driver_spislave.o
                0x0000287c                spislave_flush
 .text.btl_getSignedBootloaderKeyXPtr
                0x000028d0        0x8 ./token-management/btl_security_tokens.o
                0x000028d0                btl_getSignedBootloaderKeyXPtr
 .text.btl_getSignedBootloaderKeyYPtr
                0x000028d8        0x8 ./token-management/btl_security_tokens.o
                0x000028d8                btl_getSignedBootloaderKeyYPtr
 .text.btl_getImageFileEncryptionKeyPtr
                0x000028e0        0x8 ./token-management/btl_security_tokens.o
                0x000028e0                btl_getImageFileEncryptionKeyPtr
 .text.xmodem_reset
                0x000028e8       0x14 ./xmodem-parser/btl_xmodem.o
                0x000028e8                xmodem_reset
 .text.xmodem_parsePacket
                0x000028fc       0xd0 ./xmodem-parser/btl_xmodem.o
                0x000028fc                xmodem_parsePacket
 .text.xmodem_getLastPacketNumber
                0x000029cc        0xc ./xmodem-parser/btl_xmodem.o
                0x000029cc                xmodem_getLastPacketNumber
 .text.bootload_verifySecureBoot
                0x000029d8       0x80 D:/SiliconLabs/SimplicityStudio/v4/developer/sdks/gecko_sdk_suite/v2.3//platform/bootloader/build/lib/\libbootloader_efx32xg11_gcc.a(btl_bootload.o)
 .text.bootload_applicationCallback
                0x00002a58       0x56 D:/SiliconLabs/SimplicityStudio/v4/developer/sdks/gecko_sdk_suite/v2.3//platform/bootloader/build/lib/\libbootloader_efx32xg11_gcc.a(btl_bootload.o)
                0x00002a58                bootload_applicationCallback
 *fill*         0x00002aae        0x2 
 .text.bootload_verifyApplication
                0x00002ab0       0xb0 D:/SiliconLabs/SimplicityStudio/v4/developer/sdks/gecko_sdk_suite/v2.3//platform/bootloader/build/lib/\libbootloader_efx32xg11_gcc.a(btl_bootload.o)
                0x00002ab0                bootload_verifyApplication
 .text.core_initParser
                0x00002b60       0x30 D:/SiliconLabs/SimplicityStudio/v4/developer/sdks/gecko_sdk_suite/v2.3//platform/bootloader/build/lib/\libbootloader_efx32xg11_gcc.a(btl_parse.o)
                0x00002b60                core_initParser
 .text.core_parseBuffer
                0x00002b90       0x3a D:/SiliconLabs/SimplicityStudio/v4/developer/sdks/gecko_sdk_suite/v2.3//platform/bootloader/build/lib/\libbootloader_efx32xg11_gcc.a(btl_parse.o)
                0x00002b90                core_parseBuffer
 .text.reset_setResetReason
                0x00002bca        0xe D:/SiliconLabs/SimplicityStudio/v4/developer/sdks/gecko_sdk_suite/v2.3//platform/bootloader/build/lib/\libbootloader_efx32xg11_gcc.a(btl_reset.o)
                0x00002bca                reset_setResetReason
 .text.reset_invalidateResetReason
                0x00002bd8        0xc D:/SiliconLabs/SimplicityStudio/v4/developer/sdks/gecko_sdk_suite/v2.3//platform/bootloader/build/lib/\libbootloader_efx32xg11_gcc.a(btl_reset.o)
                0x00002bd8                reset_invalidateResetReason
 .text.reset_resetWithReason
                0x00002be4       0x40 D:/SiliconLabs/SimplicityStudio/v4/developer/sdks/gecko_sdk_suite/v2.3//platform/bootloader/build/lib/\libbootloader_efx32xg11_gcc.a(btl_reset.o)
                0x00002be4                reset_resetWithReason
 .text.reset_classifyReset
                0x00002c24       0x2a D:/SiliconLabs/SimplicityStudio/v4/developer/sdks/gecko_sdk_suite/v2.3//platform/bootloader/build/lib/\libbootloader_efx32xg11_gcc.a(btl_reset.o)
                0x00002c24                reset_classifyReset
 *fill*         0x00002c4e        0x2 
 .text.flash_init
                0x00002c50       0x18 D:/SiliconLabs/SimplicityStudio/v4/developer/sdks/gecko_sdk_suite/v2.3//platform/bootloader/build/lib/\libbootloader_efx32xg11_gcc.a(btl_internal_flash.o)
                0x00002c50                flash_init
 .text.flash_deinit
                0x00002c68       0x14 D:/SiliconLabs/SimplicityStudio/v4/developer/sdks/gecko_sdk_suite/v2.3//platform/bootloader/build/lib/\libbootloader_efx32xg11_gcc.a(btl_internal_flash.o)
                0x00002c68                flash_deinit
 .text.writeHalfword
                0x00002c7c       0x36 D:/SiliconLabs/SimplicityStudio/v4/developer/sdks/gecko_sdk_suite/v2.3//platform/bootloader/build/lib/\libbootloader_efx32xg11_gcc.a(btl_internal_flash.o)
 .text.flash_erasePage
                0x00002cb2       0x16 D:/SiliconLabs/SimplicityStudio/v4/developer/sdks/gecko_sdk_suite/v2.3//platform/bootloader/build/lib/\libbootloader_efx32xg11_gcc.a(btl_internal_flash.o)
                0x00002cb2                flash_erasePage
 .text.flash_writeBuffer
                0x00002cc8       0x70 D:/SiliconLabs/SimplicityStudio/v4/developer/sdks/gecko_sdk_suite/v2.3//platform/bootloader/build/lib/\libbootloader_efx32xg11_gcc.a(btl_internal_flash.o)
                0x00002cc8                flash_writeBuffer
 .text.ebl_storeData
                0x00002d38       0x42 D:/SiliconLabs/SimplicityStudio/v4/developer/sdks/gecko_sdk_suite/v2.3//platform/bootloader/build/lib/\libparser_efx32xg11_gcc.a(btl_ebl_parser.o)
 .text.ebl_getData
                0x00002d7a       0xea D:/SiliconLabs/SimplicityStudio/v4/developer/sdks/gecko_sdk_suite/v2.3//platform/bootloader/build/lib/\libparser_efx32xg11_gcc.a(btl_ebl_parser.o)
 .text.ebl_parseHeader
                0x00002e64       0x7c D:/SiliconLabs/SimplicityStudio/v4/developer/sdks/gecko_sdk_suite/v2.3//platform/bootloader/build/lib/\libparser_efx32xg11_gcc.a(btl_ebl_parser.o)
 .text.gbl_writeProgData
                0x00002ee0       0xa4 D:/SiliconLabs/SimplicityStudio/v4/developer/sdks/gecko_sdk_suite/v2.3//platform/bootloader/build/lib/\libparser_efx32xg11_gcc.a(btl_ebl_parser.o)
                0x00002ee0                gbl_writeProgData
 .text.parser_init
                0x00002f84       0x72 D:/SiliconLabs/SimplicityStudio/v4/developer/sdks/gecko_sdk_suite/v2.3//platform/bootloader/build/lib/\libparser_efx32xg11_gcc.a(btl_ebl_parser.o)
                0x00002f84                parser_init
 *fill*         0x00002ff6        0x2 
 .text.parser_parse
                0x00002ff8      0x6b8 D:/SiliconLabs/SimplicityStudio/v4/developer/sdks/gecko_sdk_suite/v2.3//platform/bootloader/build/lib/\libparser_efx32xg11_gcc.a(btl_ebl_parser.o)
                0x00002ff8                parser_parse
 .text.memcmp   0x000036b0       0x20 d:/siliconlabs/simplicitystudio/v4/developer/toolchains/gnu_arm/4.9_2015q3/bin/../lib/gcc/arm-none-eabi/4.9.3/../../../../arm-none-eabi/lib/armv7e-m/softfp\libc_nano.a(lib_a-memcmp.o)
                0x000036b0                memcmp
 .text.memcpy   0x000036d0       0x16 d:/siliconlabs/simplicitystudio/v4/developer/toolchains/gnu_arm/4.9_2015q3/bin/../lib/gcc/arm-none-eabi/4.9.3/../../../../arm-none-eabi/lib/armv7e-m/softfp\libc_nano.a(lib_a-memcpy.o)
                0x000036d0                memcpy
 .text.memset   0x000036e6       0x10 d:/siliconlabs/simplicitystudio/v4/developer/toolchains/gnu_arm/4.9_2015q3/bin/../lib/gcc/arm-none-eabi/4.9.3/../../../../arm-none-eabi/lib/armv7e-m/softfp\libc_nano.a(lib_a-memset.o)
                0x000036e6                memset
 *(.init)
 *fill*         0x000036f6        0x2 
 .init          0x000036f8        0x4 d:/siliconlabs/simplicitystudio/v4/developer/toolchains/gnu_arm/4.9_2015q3/bin/../lib/gcc/arm-none-eabi/4.9.3/armv7e-m/softfp/crti.o
                0x000036f8                _init
 .init          0x000036fc        0x8 d:/siliconlabs/simplicitystudio/v4/developer/toolchains/gnu_arm/4.9_2015q3/bin/../lib/gcc/arm-none-eabi/4.9.3/armv7e-m/softfp/crtn.o
 *(.fini)
 .fini          0x00003704        0x4 d:/siliconlabs/simplicitystudio/v4/developer/toolchains/gnu_arm/4.9_2015q3/bin/../lib/gcc/arm-none-eabi/4.9.3/armv7e-m/softfp/crti.o
                0x00003704                _fini
 .fini          0x00003708        0x8 d:/siliconlabs/simplicitystudio/v4/developer/toolchains/gnu_arm/4.9_2015q3/bin/../lib/gcc/arm-none-eabi/4.9.3/armv7e-m/softfp/crtn.o
 *crtbegin.o(.ctors)
 *crtbegin?.o(.ctors)
 *(EXCLUDE_FILE(*crtend.o *crtend?.o) .ctors)
 *(SORT(.ctors.*))
 *(.ctors)
 *crtbegin.o(.dtors)
 *crtbegin?.o(.dtors)
 *(EXCLUDE_FILE(*crtend.o *crtend?.o) .dtors)
 *(SORT(.dtors.*))
 *(.dtors)
 *(.rodata*)
 .rodata.mainStageTable
                0x00003710       0x34 ./core/btl_main.o
                0x00003710                mainStageTable
 .rodata.ECC_Curve_Params
                0x00003744       0x8c ./crypto/ecc.o
 .rodata.queryResponse
                0x000037d0       0x1a ./ezsp-spi/btl_ezsp_spi.o
 *fill*         0x000037ea        0x2 
 .rodata.parseCb
                0x000037ec       0x10 ./ezsp-spi/btl_ezsp_spi.o
 .rodata.init_state_sha224
                0x000037fc       0x20 ./mbedtls/crypto_sha.o
 .rodata.sha_padding
                0x0000381c       0x40 ./mbedtls/crypto_sha.o
 .rodata.init_state_sha256
                0x0000385c       0x20 ./mbedtls/crypto_sha.o
 .rodata.ldmaRxDesc
                0x0000387c       0x40 ./spislave-driver/btl_driver_spislave.o
 .rodata        0x000038bc       0x10 D:/SiliconLabs/SimplicityStudio/v4/developer/sdks/gecko_sdk_suite/v2.3//platform/bootloader/build/lib/\libbootloader_efx32xg11_gcc.a(btl_bootload.o)
 *(.eh_frame*)
 .eh_frame      0x000038cc        0x0 d:/siliconlabs/simplicitystudio/v4/developer/toolchains/gnu_arm/4.9_2015q3/bin/../lib/gcc/arm-none-eabi/4.9.3/armv7e-m/softfp/crtbegin.o
 .eh_frame      0x000038cc        0x4 d:/siliconlabs/simplicitystudio/v4/developer/toolchains/gnu_arm/4.9_2015q3/bin/../lib/gcc/arm-none-eabi/4.9.3/armv7e-m/softfp/crtend.o

.glue_7         0x000038d0        0x0
 .glue_7        0x00000000        0x0 linker stubs

.glue_7t        0x000038d0        0x0
 .glue_7t       0x00000000        0x0 linker stubs

.vfp11_veneer   0x000038d0        0x0
 .vfp11_veneer  0x00000000        0x0 linker stubs

.v4_bx          0x000038d0        0x0
 .v4_bx         0x00000000        0x0 linker stubs

.iplt           0x000038d0        0x0
 .iplt          0x00000000        0x0 d:/siliconlabs/simplicitystudio/v4/developer/toolchains/gnu_arm/4.9_2015q3/bin/../lib/gcc/arm-none-eabi/4.9.3/armv7e-m/softfp/crtbegin.o

.rel.dyn        0x000038d0        0x0
 .rel.iplt      0x00000000        0x0 d:/siliconlabs/simplicitystudio/v4/developer/toolchains/gnu_arm/4.9_2015q3/bin/../lib/gcc/arm-none-eabi/4.9.3/armv7e-m/softfp/crtbegin.o

.ARM.extab
 *(.ARM.extab* .gnu.linkonce.armextab.*)
                0x000038d0                __exidx_start = .

.ARM.exidx
 *(.ARM.exidx* .gnu.linkonce.armexidx.*)
                0x000038d0                __exidx_end = .
                0x000038d0                __etext = .

.crashinfo      0x20000000      0x100
                0x20000100                . = (. + 0x100)
 *fill*         0x20000000      0x100 

.data           0x20000100       0x2c load address 0x000038d0
                0x20000100                __data_start__ = .
 *(vtable)
 *(.data*)
 .data.SystemLFXOClock
                0x20000100        0x4 ./CMSIS/system_efr32mg1p.o
 .data.SystemHFXOClock
                0x20000104        0x4 ./CMSIS/system_efr32mg1p.o
 .data.SystemCoreClock
                0x20000108        0x4 ./CMSIS/system_efr32mg1p.o
                0x20000108                SystemCoreClock
 .data.SystemHfrcoFreq
                0x2000010c        0x4 ./CMSIS/system_efr32mg1p.o
                0x2000010c                SystemHfrcoFreq
 .data.ldmaTxDesc
                0x20000110       0x10 ./spislave-driver/btl_driver_spislave.o
                0x20000120                . = ALIGN (0x4)
 *(.ram)
                0x20000120                . = ALIGN (0x4)
                0x20000120                PROVIDE (__preinit_array_start, .)
 *(.preinit_array)
                0x20000120                PROVIDE (__preinit_array_end, .)
                0x20000120                . = ALIGN (0x4)
                0x20000120                PROVIDE (__init_array_start, .)
 *(SORT(.init_array.*))
 *(.init_array)
 .init_array    0x20000120        0x4 d:/siliconlabs/simplicitystudio/v4/developer/toolchains/gnu_arm/4.9_2015q3/bin/../lib/gcc/arm-none-eabi/4.9.3/armv7e-m/softfp/crtbegin.o
                0x20000124                PROVIDE (__init_array_end, .)
                0x20000124                . = ALIGN (0x4)
                0x20000124                PROVIDE (__fini_array_start, .)
 *(SORT(.fini_array.*))
 *(.fini_array)
 .fini_array    0x20000124        0x4 d:/siliconlabs/simplicitystudio/v4/developer/toolchains/gnu_arm/4.9_2015q3/bin/../lib/gcc/arm-none-eabi/4.9.3/armv7e-m/softfp/crtbegin.o
                0x20000128                PROVIDE (__fini_array_end, .)
 *(.jcr*)
 .jcr           0x20000128        0x0 d:/siliconlabs/simplicitystudio/v4/developer/toolchains/gnu_arm/4.9_2015q3/bin/../lib/gcc/arm-none-eabi/4.9.3/armv7e-m/softfp/crtbegin.o
 .jcr           0x20000128        0x4 d:/siliconlabs/simplicitystudio/v4/developer/toolchains/gnu_arm/4.9_2015q3/bin/../lib/gcc/arm-none-eabi/4.9.3/armv7e-m/softfp/crtend.o
                0x2000012c                . = ALIGN (0x4)
                0x2000012c                __data_end__ = .
                0x000038fc                __rom_end__ = (__etext + SIZEOF (.data))

.igot.plt       0x2000012c        0x0 load address 0x000038fc
 .igot.plt      0x00000000        0x0 d:/siliconlabs/simplicitystudio/v4/developer/toolchains/gnu_arm/4.9_2015q3/bin/../lib/gcc/arm-none-eabi/4.9.3/armv7e-m/softfp/crtbegin.o

.bss            0x2000012c      0x3d4 load address 0x000038fc
                0x2000012c                . = ALIGN (0x4)
                0x2000012c                __bss_start__ = .
 *(.bss*)
 .bss           0x2000012c       0x1c d:/siliconlabs/simplicitystudio/v4/developer/toolchains/gnu_arm/4.9_2015q3/bin/../lib/gcc/arm-none-eabi/4.9.3/armv7e-m/softfp/crtbegin.o
 .bss.expectOverflow
                0x20000148        0x1 ./delay-driver/btl_driver_delay.o
 *fill*         0x20000149        0x3 
 .bss.ticksPerMillisecond
                0x2000014c        0x4 ./delay-driver/btl_driver_delay.o
 .bss.delayTarget
                0x20000150        0x2 ./delay-driver/btl_driver_delay.o
 .bss.imageError
                0x20000152        0x1 ./ezsp-spi/btl_ezsp_spi.o
 .bss.interrupt
                0x20000153       0x24 ./ezsp-spi/btl_ezsp_spi.o
 .bss.errorPending
                0x20000177        0x1 ./ezsp-spi/btl_ezsp_spi.o
 .bss.reply     0x20000178       0x24 ./ezsp-spi/btl_ezsp_spi.o
 .bss.transferActive
                0x2000019c        0x1 ./ezsp-spi/btl_ezsp_spi.o
 .bss.state     0x2000019d        0x1 ./ezsp-spi/btl_ezsp_spi.o
 .bss.rxBuffer  0x2000019e       0x8b ./ezsp-spi/btl_ezsp_spi.o
 .bss.interruptPending
                0x20000229        0x1 ./ezsp-spi/btl_ezsp_spi.o
 .bss.querySent
                0x2000022a        0x1 ./ezsp-spi/btl_ezsp_spi.o
 *fill*         0x2000022b        0x1 
 .bss.imageProps
                0x2000022c       0x24 ./ezsp-spi/btl_ezsp_spi.o
 .bss.transferPolls
                0x20000250        0x4 ./ezsp-spi/btl_ezsp_spi.o
 .bss.done      0x20000254        0x1 ./ezsp-spi/btl_ezsp_spi.o
 .bss.rxBuffer  0x20000255      0x12c ./spislave-driver/btl_driver_spislave.o
 .bss.initialized
                0x20000381        0x1 ./spislave-driver/btl_driver_spislave.o
 .bss.txBuffer  0x20000382       0x32 ./spislave-driver/btl_driver_spislave.o
 .bss.rxHead    0x200003b4        0x4 ./spislave-driver/btl_driver_spislave.o
 .bss.packetNumber
                0x200003b8        0x1 ./xmodem-parser/btl_xmodem.o
 .bss.started   0x200003b9        0x1 ./xmodem-parser/btl_xmodem.o
 *(COMMON)
 *fill*         0x200003ba        0x2 
 COMMON         0x200003bc      0x144 ./ezsp-spi/btl_ezsp_spi.o
                0x200003bc                parserContext
                0x2000044c                authContext
                0x200004b8                decryptContext
                0x20000500                . = ALIGN (0x4)
                0x20000500                __bss_end__ = .

.heap           0x20000500      0xc00
                0x20000500                __HeapBase = .
                0x20000500                __end__ = .
                0x20000500                end = __end__
                0x20000500                _end = __end__
 *(.heap*)
 .heap          0x20000500      0xc00 ./core/EFR32/gcc/main_btl_startup.o
                0x20001100                __HeapLimit = .

.stack_dummy    0x20001100     0x1000
 *(.stack*)
 .stack         0x20001100     0x1000 ./core/EFR32/gcc/main_btl_startup.o
                0x20007c00                __StackTop = (ORIGIN (RAM) + 0x7c00)
                0x20006c00                __StackLimit = (__StackTop - SIZEOF (.stack_dummy))
                0x20007c00                PROVIDE (__stack, __StackTop)
                0x00000001                ASSERT ((__StackLimit >= __HeapLimit), region RAM overflowed with stack)
                0x00000001                ASSERT ((0x37fc >= ((__etext + SIZEOF (.data)) - ORIGIN (FLASH))), FLASH memory overflowed !)
OUTPUT(ezsp-spi-bootloader-6.3.0.axf elf32-littlearm)

.ARM.attributes
                0x00000000       0x2e
 .ARM.attributes
                0x00000000       0x22 d:/siliconlabs/simplicitystudio/v4/developer/toolchains/gnu_arm/4.9_2015q3/bin/../lib/gcc/arm-none-eabi/4.9.3/armv7e-m/softfp/crti.o
 .ARM.attributes
                0x00000022       0x32 d:/siliconlabs/simplicitystudio/v4/developer/toolchains/gnu_arm/4.9_2015q3/bin/../lib/gcc/arm-none-eabi/4.9.3/armv7e-m/softfp/crtbegin.o
 .ARM.attributes
                0x00000054       0x37 ./CMSIS/system_efr32mg1p.o
 .ARM.attributes
                0x0000008b       0x37 ./core/EFR32/gcc/main_btl_startup.o
 .ARM.attributes
                0x000000c2       0x37 ./core/btl_core.o
 .ARM.attributes
                0x000000f9       0x37 ./core/btl_main.o
 .ARM.attributes
                0x00000130       0x37 ./crc/btl_crc16.o
 .ARM.attributes
                0x00000167       0x37 ./crc/btl_crc32.o
 .ARM.attributes
                0x0000019e       0x37 ./crypto/btl_security_aes.o
 .ARM.attributes
                0x000001d5       0x37 ./crypto/btl_security_ecdsa.o
 .ARM.attributes
                0x0000020c       0x37 ./crypto/btl_security_sha256.o
 .ARM.attributes
                0x00000243       0x37 ./crypto/ecc.o
 .ARM.attributes
                0x0000027a       0x37 ./delay-driver/btl_driver_delay.o
 .ARM.attributes
                0x000002b1       0x37 ./emlib/em_cmu.o
 .ARM.attributes
                0x000002e8       0x37 ./emlib/em_core.o
 .ARM.attributes
                0x0000031f       0x37 ./emlib/em_crypto.o
 .ARM.attributes
                0x00000356       0x37 ./emlib/em_gpio.o
 .ARM.attributes
                0x0000038d       0x37 ./emlib/em_msc.o
 .ARM.attributes
                0x000003c4       0x37 ./emlib/em_system.o
 .ARM.attributes
                0x000003fb       0x37 ./emlib/em_timer.o
 .ARM.attributes
                0x00000432       0x37 ./ezsp-spi/btl_ezsp_spi.o
 .ARM.attributes
                0x00000469       0x37 ./gpio-activation/btl_gpio_activation.o
 .ARM.attributes
                0x000004a0       0x37 ./mbedtls/crypto_aes.o
 .ARM.attributes
                0x000004d7       0x37 ./mbedtls/crypto_management.o
 .ARM.attributes
                0x0000050e       0x37 ./mbedtls/crypto_sha.o
 .ARM.attributes
                0x00000545       0x37 ./parser/btl_gbl_custom_tags.o
 .ARM.attributes
                0x0000057c       0x37 ./parser/btl_image_parser.o
 .ARM.attributes
                0x000005b3       0x37 ./spislave-driver/btl_driver_spislave.o
 .ARM.attributes
                0x000005ea       0x37 ./token-management/btl_security_tokens.o
 .ARM.attributes
                0x00000621       0x37 ./xmodem-parser/btl_xmodem.o
 .ARM.attributes
                0x00000658       0x37 D:/SiliconLabs/SimplicityStudio/v4/developer/sdks/gecko_sdk_suite/v2.3//platform/bootloader/build/lib/\libbootloader_efx32xg11_gcc.a(btl_bootload.o)
 .ARM.attributes
                0x0000068f       0x37 D:/SiliconLabs/SimplicityStudio/v4/developer/sdks/gecko_sdk_suite/v2.3//platform/bootloader/build/lib/\libbootloader_efx32xg11_gcc.a(btl_parse.o)
 .ARM.attributes
                0x000006c6       0x37 D:/SiliconLabs/SimplicityStudio/v4/developer/sdks/gecko_sdk_suite/v2.3//platform/bootloader/build/lib/\libbootloader_efx32xg11_gcc.a(btl_reset.o)
 .ARM.attributes
                0x000006fd       0x37 D:/SiliconLabs/SimplicityStudio/v4/developer/sdks/gecko_sdk_suite/v2.3//platform/bootloader/build/lib/\libbootloader_efx32xg11_gcc.a(btl_internal_flash.o)
 .ARM.attributes
                0x00000734       0x37 D:/SiliconLabs/SimplicityStudio/v4/developer/sdks/gecko_sdk_suite/v2.3//platform/bootloader/build/lib/\libparser_efx32xg11_gcc.a(btl_ebl_parser.o)
 .ARM.attributes
                0x0000076b       0x32 d:/siliconlabs/simplicitystudio/v4/developer/toolchains/gnu_arm/4.9_2015q3/bin/../lib/gcc/arm-none-eabi/4.9.3/../../../../arm-none-eabi/lib/armv7e-m/softfp\libc_nano.a(lib_a-memcmp.o)
 .ARM.attributes
                0x0000079d       0x32 d:/siliconlabs/simplicitystudio/v4/developer/toolchains/gnu_arm/4.9_2015q3/bin/../lib/gcc/arm-none-eabi/4.9.3/../../../../arm-none-eabi/lib/armv7e-m/softfp\libc_nano.a(lib_a-memcpy.o)
 .ARM.attributes
                0x000007cf       0x32 d:/siliconlabs/simplicitystudio/v4/developer/toolchains/gnu_arm/4.9_2015q3/bin/../lib/gcc/arm-none-eabi/4.9.3/../../../../arm-none-eabi/lib/armv7e-m/softfp\libc_nano.a(lib_a-memset.o)
 .ARM.attributes
                0x00000801       0x32 d:/siliconlabs/simplicitystudio/v4/developer/toolchains/gnu_arm/4.9_2015q3/bin/../lib/gcc/arm-none-eabi/4.9.3/armv7e-m/softfp/crtend.o
 .ARM.attributes
                0x00000833       0x22 d:/siliconlabs/simplicitystudio/v4/developer/toolchains/gnu_arm/4.9_2015q3/bin/../lib/gcc/arm-none-eabi/4.9.3/armv7e-m/softfp/crtn.o

.comment        0x00000000       0xee
 .comment       0x00000000       0x70 ./CMSIS/system_efr32mg1p.o
                                 0x71 (size before relaxing)
 .comment       0x00000000       0x71 ./core/EFR32/gcc/main_btl_startup.o
 .comment       0x00000000       0x71 ./core/btl_core.o
 .comment       0x00000000       0x71 ./core/btl_main.o
 .comment       0x00000000       0x71 ./crc/btl_crc16.o
 .comment       0x00000000       0x71 ./crc/btl_crc32.o
 .comment       0x00000000       0x71 ./crypto/btl_security_aes.o
 .comment       0x00000000       0x71 ./crypto/btl_security_ecdsa.o
 .comment       0x00000000       0x71 ./crypto/btl_security_sha256.o
 .comment       0x00000000       0x71 ./crypto/ecc.o
 .comment       0x00000000       0x71 ./delay-driver/btl_driver_delay.o
 .comment       0x00000000       0x71 ./emlib/em_cmu.o
 .comment       0x00000000       0x71 ./emlib/em_core.o
 .comment       0x00000000       0x71 ./emlib/em_crypto.o
 .comment       0x00000000       0x71 ./emlib/em_gpio.o
 .comment       0x00000000       0x71 ./emlib/em_msc.o
 .comment       0x00000000       0x71 ./emlib/em_system.o
 .comment       0x00000000       0x71 ./emlib/em_timer.o
 .comment       0x00000000       0x71 ./ezsp-spi/btl_ezsp_spi.o
 .comment       0x00000000       0x71 ./gpio-activation/btl_gpio_activation.o
 .comment       0x00000000       0x71 ./mbedtls/crypto_aes.o
 .comment       0x00000000       0x71 ./mbedtls/crypto_management.o
 .comment       0x00000000       0x71 ./mbedtls/crypto_sha.o
 .comment       0x00000000       0x71 ./parser/btl_gbl_custom_tags.o
 .comment       0x00000000       0x71 ./parser/btl_image_parser.o
 .comment       0x00000000       0x71 ./spislave-driver/btl_driver_spislave.o
 .comment       0x00000000       0x71 ./token-management/btl_security_tokens.o
 .comment       0x00000000       0x71 ./xmodem-parser/btl_xmodem.o
 .comment       0x00000070       0x7e D:/SiliconLabs/SimplicityStudio/v4/developer/sdks/gecko_sdk_suite/v2.3//platform/bootloader/build/lib/\libbootloader_efx32xg11_gcc.a(btl_bootload.o)
                                 0x7f (size before relaxing)
 .comment       0x00000000       0x7f D:/SiliconLabs/SimplicityStudio/v4/developer/sdks/gecko_sdk_suite/v2.3//platform/bootloader/build/lib/\libbootloader_efx32xg11_gcc.a(btl_parse.o)
 .comment       0x00000000       0x7f D:/SiliconLabs/SimplicityStudio/v4/developer/sdks/gecko_sdk_suite/v2.3//platform/bootloader/build/lib/\libbootloader_efx32xg11_gcc.a(btl_reset.o)
 .comment       0x00000000       0x7f D:/SiliconLabs/SimplicityStudio/v4/developer/sdks/gecko_sdk_suite/v2.3//platform/bootloader/build/lib/\libbootloader_efx32xg11_gcc.a(btl_internal_flash.o)
 .comment       0x00000000       0x7f D:/SiliconLabs/SimplicityStudio/v4/developer/sdks/gecko_sdk_suite/v2.3//platform/bootloader/build/lib/\libparser_efx32xg11_gcc.a(btl_ebl_parser.o)

.debug_info     0x00000000    0x18398
 .debug_info    0x00000000      0xb04 ./CMSIS/system_efr32mg1p.o
 .debug_info    0x00000b04      0x913 ./core/EFR32/gcc/main_btl_startup.o
 .debug_info    0x00001417      0x102 ./core/btl_core.o
 .debug_info    0x00001519     0x1e5c ./core/btl_main.o
 .debug_info    0x00003375      0x152 ./crc/btl_crc16.o
 .debug_info    0x000034c7      0x63e ./crc/btl_crc32.o
 .debug_info    0x00003b05      0x550 ./crypto/btl_security_aes.o
 .debug_info    0x00004055      0x866 ./crypto/btl_security_ecdsa.o
 .debug_info    0x000048bb      0x3d0 ./crypto/btl_security_sha256.o
 .debug_info    0x00004c8b     0x1ece ./crypto/ecc.o
 .debug_info    0x00006b59      0xa87 ./delay-driver/btl_driver_delay.o
 .debug_info    0x000075e0     0x27c5 ./emlib/em_cmu.o
 .debug_info    0x00009da5      0xd9e ./emlib/em_core.o
 .debug_info    0x0000ab43     0x2785 ./emlib/em_crypto.o
 .debug_info    0x0000d2c8      0xebf ./emlib/em_gpio.o
 .debug_info    0x0000e187      0x7c1 ./emlib/em_msc.o
 .debug_info    0x0000e948      0x277 ./emlib/em_system.o
 .debug_info    0x0000ebbf      0x95f ./emlib/em_timer.o
 .debug_info    0x0000f51e     0x1d0d ./ezsp-spi/btl_ezsp_spi.o
 .debug_info    0x0001122b      0x97e ./gpio-activation/btl_gpio_activation.o
 .debug_info    0x00011ba9     0x1906 ./mbedtls/crypto_aes.o
 .debug_info    0x000134af      0xbf4 ./mbedtls/crypto_management.o
 .debug_info    0x000140a3     0x1880 ./mbedtls/crypto_sha.o
 .debug_info    0x00015923      0x4b1 ./parser/btl_gbl_custom_tags.o
 .debug_info    0x00015dd4      0x84c ./parser/btl_image_parser.o
 .debug_info    0x00016620     0x1a24 ./spislave-driver/btl_driver_spislave.o
 .debug_info    0x00018044      0x10c ./token-management/btl_security_tokens.o
 .debug_info    0x00018150      0x248 ./xmodem-parser/btl_xmodem.o

.debug_abbrev   0x00000000     0x3dbf
 .debug_abbrev  0x00000000      0x1e1 ./CMSIS/system_efr32mg1p.o
 .debug_abbrev  0x000001e1      0x1a7 ./core/EFR32/gcc/main_btl_startup.o
 .debug_abbrev  0x00000388       0x7d ./core/btl_core.o
 .debug_abbrev  0x00000405      0x395 ./core/btl_main.o
 .debug_abbrev  0x0000079a       0xab ./crc/btl_crc16.o
 .debug_abbrev  0x00000845       0xd7 ./crc/btl_crc32.o
 .debug_abbrev  0x0000091c      0x1b5 ./crypto/btl_security_aes.o
 .debug_abbrev  0x00000ad1      0x1a7 ./crypto/btl_security_ecdsa.o
 .debug_abbrev  0x00000c78      0x199 ./crypto/btl_security_sha256.o
 .debug_abbrev  0x00000e11      0x37b ./crypto/ecc.o
 .debug_abbrev  0x0000118c      0x1d3 ./delay-driver/btl_driver_delay.o
 .debug_abbrev  0x0000135f      0x46c ./emlib/em_cmu.o
 .debug_abbrev  0x000017cb      0x2a4 ./emlib/em_core.o
 .debug_abbrev  0x00001a6f      0x367 ./emlib/em_crypto.o
 .debug_abbrev  0x00001dd6      0x300 ./emlib/em_gpio.o
 .debug_abbrev  0x000020d6      0x293 ./emlib/em_msc.o
 .debug_abbrev  0x00002369      0x119 ./emlib/em_system.o
 .debug_abbrev  0x00002482      0x1cb ./emlib/em_timer.o
 .debug_abbrev  0x0000264d      0x3c2 ./ezsp-spi/btl_ezsp_spi.o
 .debug_abbrev  0x00002a0f      0x1f9 ./gpio-activation/btl_gpio_activation.o
 .debug_abbrev  0x00002c08      0x3ca ./mbedtls/crypto_aes.o
 .debug_abbrev  0x00002fd2      0x250 ./mbedtls/crypto_management.o
 .debug_abbrev  0x00003222      0x44c ./mbedtls/crypto_sha.o
 .debug_abbrev  0x0000366e       0xdb ./parser/btl_gbl_custom_tags.o
 .debug_abbrev  0x00003749      0x10a ./parser/btl_image_parser.o
 .debug_abbrev  0x00003853      0x3b2 ./spislave-driver/btl_driver_spislave.o
 .debug_abbrev  0x00003c05       0x7c ./token-management/btl_security_tokens.o
 .debug_abbrev  0x00003c81      0x13e ./xmodem-parser/btl_xmodem.o

.debug_loc      0x00000000     0xadd3
 .debug_loc     0x00000000       0xb3 ./CMSIS/system_efr32mg1p.o
 .debug_loc     0x000000b3       0x63 ./core/EFR32/gcc/main_btl_startup.o
 .debug_loc     0x00000116      0x244 ./core/btl_main.o
 .debug_loc     0x0000035a      0x14a ./crc/btl_crc16.o
 .debug_loc     0x000004a4       0xad ./crc/btl_crc32.o
 .debug_loc     0x00000551      0x392 ./crypto/btl_security_aes.o
 .debug_loc     0x000008e3       0xff ./crypto/btl_security_ecdsa.o
 .debug_loc     0x000009e2      0x213 ./crypto/btl_security_sha256.o
 .debug_loc     0x00000bf5     0x1187 ./crypto/ecc.o
 .debug_loc     0x00001d7c       0xcd ./delay-driver/btl_driver_delay.o
 .debug_loc     0x00001e49     0x1bbb ./emlib/em_cmu.o
 .debug_loc     0x00003a04      0x5b3 ./emlib/em_core.o
 .debug_loc     0x00003fb7     0x2a73 ./emlib/em_crypto.o
 .debug_loc     0x00006a2a      0x69d ./emlib/em_gpio.o
 .debug_loc     0x000070c7      0x524 ./emlib/em_msc.o
 .debug_loc     0x000075eb       0xb6 ./emlib/em_system.o
 .debug_loc     0x000076a1       0xf6 ./emlib/em_timer.o
 .debug_loc     0x00007797      0x803 ./ezsp-spi/btl_ezsp_spi.o
 .debug_loc     0x00007f9a       0x43 ./gpio-activation/btl_gpio_activation.o
 .debug_loc     0x00007fdd     0x14ac ./mbedtls/crypto_aes.o
 .debug_loc     0x00009489       0x4d ./mbedtls/crypto_management.o
 .debug_loc     0x000094d6     0x119c ./mbedtls/crypto_sha.o
 .debug_loc     0x0000a672       0x42 ./parser/btl_gbl_custom_tags.o
 .debug_loc     0x0000a6b4      0x5f0 ./spislave-driver/btl_driver_spislave.o
 .debug_loc     0x0000aca4      0x12f ./xmodem-parser/btl_xmodem.o

.debug_aranges  0x00000000      0x9e8
 .debug_aranges
                0x00000000       0x68 ./CMSIS/system_efr32mg1p.o
 .debug_aranges
                0x00000068       0x28 ./core/EFR32/gcc/main_btl_startup.o
 .debug_aranges
                0x00000090       0x28 ./core/btl_core.o
 .debug_aranges
                0x000000b8       0x38 ./core/btl_main.o
 .debug_aranges
                0x000000f0       0x28 ./crc/btl_crc16.o
 .debug_aranges
                0x00000118       0x20 ./crc/btl_crc32.o
 .debug_aranges
                0x00000138       0x40 ./crypto/btl_security_aes.o
 .debug_aranges
                0x00000178       0x20 ./crypto/btl_security_ecdsa.o
 .debug_aranges
                0x00000198       0x38 ./crypto/btl_security_sha256.o
 .debug_aranges
                0x000001d0       0x80 ./crypto/ecc.o
 .debug_aranges
                0x00000250       0x38 ./delay-driver/btl_driver_delay.o
 .debug_aranges
                0x00000288      0x128 ./emlib/em_cmu.o
 .debug_aranges
                0x000003b0       0xe0 ./emlib/em_core.o
 .debug_aranges
                0x00000490       0xf0 ./emlib/em_crypto.o
 .debug_aranges
                0x00000580       0x48 ./emlib/em_gpio.o
 .debug_aranges
                0x000005c8       0x68 ./emlib/em_msc.o
 .debug_aranges
                0x00000630       0x28 ./emlib/em_system.o
 .debug_aranges
                0x00000658       0x38 ./emlib/em_timer.o
 .debug_aranges
                0x00000690       0x48 ./ezsp-spi/btl_ezsp_spi.o
 .debug_aranges
                0x000006d8       0x20 ./gpio-activation/btl_gpio_activation.o
 .debug_aranges
                0x000006f8       0x98 ./mbedtls/crypto_aes.o
 .debug_aranges
                0x00000790       0x40 ./mbedtls/crypto_management.o
 .debug_aranges
                0x000007d0       0xe8 ./mbedtls/crypto_sha.o
 .debug_aranges
                0x000008b8       0x28 ./parser/btl_gbl_custom_tags.o
 .debug_aranges
                0x000008e0       0x38 ./parser/btl_image_parser.o
 .debug_aranges
                0x00000918       0x70 ./spislave-driver/btl_driver_spislave.o
 .debug_aranges
                0x00000988       0x30 ./token-management/btl_security_tokens.o
 .debug_aranges
                0x000009b8       0x30 ./xmodem-parser/btl_xmodem.o

.debug_ranges   0x00000000      0xec8
 .debug_ranges  0x00000000       0x58 ./CMSIS/system_efr32mg1p.o
 .debug_ranges  0x00000058       0x18 ./core/EFR32/gcc/main_btl_startup.o
 .debug_ranges  0x00000070       0x18 ./core/btl_core.o
 .debug_ranges  0x00000088       0x58 ./core/btl_main.o
 .debug_ranges  0x000000e0       0x18 ./crc/btl_crc16.o
 .debug_ranges  0x000000f8       0x10 ./crc/btl_crc32.o
 .debug_ranges  0x00000108       0x30 ./crypto/btl_security_aes.o
 .debug_ranges  0x00000138       0x10 ./crypto/btl_security_ecdsa.o
 .debug_ranges  0x00000148       0x48 ./crypto/btl_security_sha256.o
 .debug_ranges  0x00000190       0xb8 ./crypto/ecc.o
 .debug_ranges  0x00000248       0x28 ./delay-driver/btl_driver_delay.o
 .debug_ranges  0x00000270      0x218 ./emlib/em_cmu.o
 .debug_ranges  0x00000488      0x118 ./emlib/em_core.o
 .debug_ranges  0x000005a0      0x2d8 ./emlib/em_crypto.o
 .debug_ranges  0x00000878      0x150 ./emlib/em_gpio.o
 .debug_ranges  0x000009c8       0x58 ./emlib/em_msc.o
 .debug_ranges  0x00000a20       0x18 ./emlib/em_system.o
 .debug_ranges  0x00000a38       0x40 ./emlib/em_timer.o
 .debug_ranges  0x00000a78       0x70 ./ezsp-spi/btl_ezsp_spi.o
 .debug_ranges  0x00000ae8       0x28 ./gpio-activation/btl_gpio_activation.o
 .debug_ranges  0x00000b10      0x140 ./mbedtls/crypto_aes.o
 .debug_ranges  0x00000c50       0x78 ./mbedtls/crypto_management.o
 .debug_ranges  0x00000cc8       0xf0 ./mbedtls/crypto_sha.o
 .debug_ranges  0x00000db8       0x18 ./parser/btl_gbl_custom_tags.o
 .debug_ranges  0x00000dd0       0x28 ./parser/btl_image_parser.o
 .debug_ranges  0x00000df8       0x90 ./spislave-driver/btl_driver_spislave.o
 .debug_ranges  0x00000e88       0x20 ./token-management/btl_security_tokens.o
 .debug_ranges  0x00000ea8       0x20 ./xmodem-parser/btl_xmodem.o

.debug_macro    0x00000000    0x282bd
 .debug_macro   0x00000000      0x220 ./CMSIS/system_efr32mg1p.o
 .debug_macro   0x00000220      0x8bc ./CMSIS/system_efr32mg1p.o
 .debug_macro   0x00000adc       0x22 ./CMSIS/system_efr32mg1p.o
 .debug_macro   0x00000afe       0x44 ./CMSIS/system_efr32mg1p.o
 .debug_macro   0x00000b42       0xe3 ./CMSIS/system_efr32mg1p.o
 .debug_macro   0x00000c25       0x22 ./CMSIS/system_efr32mg1p.o
 .debug_macro   0x00000c47      0x1df ./CMSIS/system_efr32mg1p.o
 .debug_macro   0x00000e26      0x34c ./CMSIS/system_efr32mg1p.o
 .debug_macro   0x00001172       0x3b ./CMSIS/system_efr32mg1p.o
 .debug_macro   0x000011ad       0x50 ./CMSIS/system_efr32mg1p.o
 .debug_macro   0x000011fd      0xe66 ./CMSIS/system_efr32mg1p.o
 .debug_macro   0x00002063      0xa6b ./CMSIS/system_efr32mg1p.o
 .debug_macro   0x00002ace     0x1999 ./CMSIS/system_efr32mg1p.o
 .debug_macro   0x00004467      0x32b ./CMSIS/system_efr32mg1p.o
 .debug_macro   0x00004792     0x2a51 ./CMSIS/system_efr32mg1p.o
 .debug_macro   0x000071e3     0x1b30 ./CMSIS/system_efr32mg1p.o
 .debug_macro   0x00008d13     0x2174 ./CMSIS/system_efr32mg1p.o
 .debug_macro   0x0000ae87     0x1771 ./CMSIS/system_efr32mg1p.o
 .debug_macro   0x0000c5f8      0xbef ./CMSIS/system_efr32mg1p.o
 .debug_macro   0x0000d1e7      0x346 ./CMSIS/system_efr32mg1p.o
 .debug_macro   0x0000d52d      0x29e ./CMSIS/system_efr32mg1p.o
 .debug_macro   0x0000d7cb     0x2765 ./CMSIS/system_efr32mg1p.o
 .debug_macro   0x0000ff30     0x31ce ./CMSIS/system_efr32mg1p.o
 .debug_macro   0x000130fe     0x136d ./CMSIS/system_efr32mg1p.o
 .debug_macro   0x0001446b      0xde4 ./CMSIS/system_efr32mg1p.o
 .debug_macro   0x0001524f      0x23d ./CMSIS/system_efr32mg1p.o
 .debug_macro   0x0001548c     0x1044 ./CMSIS/system_efr32mg1p.o
 .debug_macro   0x000164d0     0x1607 ./CMSIS/system_efr32mg1p.o
 .debug_macro   0x00017ad7     0x38e5 ./CMSIS/system_efr32mg1p.o
 .debug_macro   0x0001b3bc     0x2291 ./CMSIS/system_efr32mg1p.o
 .debug_macro   0x0001d64d      0x619 ./CMSIS/system_efr32mg1p.o
 .debug_macro   0x0001dc66      0xfb1 ./CMSIS/system_efr32mg1p.o
 .debug_macro   0x0001ec17      0x6b7 ./CMSIS/system_efr32mg1p.o
 .debug_macro   0x0001f2ce     0x116f ./CMSIS/system_efr32mg1p.o
 .debug_macro   0x0002043d       0x40 ./CMSIS/system_efr32mg1p.o
 .debug_macro   0x0002047d      0x1d2 ./CMSIS/system_efr32mg1p.o
 .debug_macro   0x0002064f      0x1ed ./CMSIS/system_efr32mg1p.o
 .debug_macro   0x0002083c       0xc4 ./CMSIS/system_efr32mg1p.o
 .debug_macro   0x00020900       0x35 ./CMSIS/system_efr32mg1p.o
 .debug_macro   0x00020935      0x15a ./CMSIS/system_efr32mg1p.o
 .debug_macro   0x00020a8f      0x15a ./CMSIS/system_efr32mg1p.o
 .debug_macro   0x00020be9      0x26e ./core/EFR32/gcc/main_btl_startup.o
 .debug_macro   0x00020e57      0x166 ./core/EFR32/gcc/main_btl_startup.o
 .debug_macro   0x00020fbd      0x205 ./core/EFR32/gcc/main_btl_startup.o
 .debug_macro   0x000211c2       0x52 ./core/EFR32/gcc/main_btl_startup.o
 .debug_macro   0x00021214       0x4c ./core/EFR32/gcc/main_btl_startup.o
 .debug_macro   0x00021260       0x22 ./core/EFR32/gcc/main_btl_startup.o
 .debug_macro   0x00021282       0x3c ./core/EFR32/gcc/main_btl_startup.o
 .debug_macro   0x000212be       0x18 ./core/EFR32/gcc/main_btl_startup.o
 .debug_macro   0x000212d6       0x9e ./core/EFR32/gcc/main_btl_startup.o
 .debug_macro   0x00021374      0x2cd ./core/btl_core.o
 .debug_macro   0x00021641       0x1c ./core/btl_core.o
 .debug_macro   0x0002165d      0x120 ./core/btl_core.o
 .debug_macro   0x0002177d       0x1c ./core/btl_core.o
 .debug_macro   0x00021799       0x35 ./core/btl_core.o
 .debug_macro   0x000217ce       0x10 ./core/btl_core.o
 .debug_macro   0x000217de       0xe4 ./core/btl_core.o
 .debug_macro   0x000218c2      0x14e ./core/btl_core.o
 .debug_macro   0x00021a10      0x1b0 ./core/btl_core.o
 .debug_macro   0x00021bc0      0x458 ./core/btl_main.o
 .debug_macro   0x00022018       0x69 ./core/btl_main.o
 .debug_macro   0x00022081       0x1c ./core/btl_main.o
 .debug_macro   0x0002209d       0xa1 ./core/btl_main.o
 .debug_macro   0x0002213e      0x372 ./core/btl_main.o
 .debug_macro   0x000224b0       0x58 ./core/btl_main.o
 .debug_macro   0x00022508       0x25 ./core/btl_main.o
 .debug_macro   0x0002252d       0xee ./core/btl_main.o
 .debug_macro   0x0002261b       0x19 ./core/btl_main.o
 .debug_macro   0x00022634       0x28 ./core/btl_main.o
 .debug_macro   0x0002265c       0x18 ./core/btl_main.o
 .debug_macro   0x00022674       0x12 ./core/btl_main.o
 .debug_macro   0x00022686       0x12 ./core/btl_main.o
 .debug_macro   0x00022698       0x40 ./core/btl_main.o
 .debug_macro   0x000226d8      0x2d9 ./core/btl_main.o
 .debug_macro   0x000229b1       0x6d ./crc/btl_crc16.o
 .debug_macro   0x00022a1e      0x214 ./crc/btl_crc32.o
 .debug_macro   0x00022c32       0x10 ./crc/btl_crc32.o
 .debug_macro   0x00022c42      0x443 ./crypto/btl_security_aes.o
 .debug_macro   0x00023085       0x9b ./crypto/btl_security_aes.o
 .debug_macro   0x00023120       0x35 ./crypto/btl_security_aes.o
 .debug_macro   0x00023155       0x9c ./crypto/btl_security_aes.o
 .debug_macro   0x000231f1       0x52 ./crypto/btl_security_aes.o
 .debug_macro   0x00023243       0x16 ./crypto/btl_security_aes.o
 .debug_macro   0x00023259       0x43 ./crypto/btl_security_aes.o
 .debug_macro   0x0002329c      0x180 ./crypto/btl_security_aes.o
 .debug_macro   0x0002341c      0x29d ./crypto/btl_security_aes.o
 .debug_macro   0x000236b9       0x10 ./crypto/btl_security_aes.o
 .debug_macro   0x000236c9       0x35 ./crypto/btl_security_aes.o
 .debug_macro   0x000236fe       0x3a ./crypto/btl_security_aes.o
 .debug_macro   0x00023738       0x1c ./crypto/btl_security_aes.o
 .debug_macro   0x00023754       0x10 ./crypto/btl_security_aes.o
 .debug_macro   0x00023764       0x10 ./crypto/btl_security_aes.o
 .debug_macro   0x00023774       0x22 ./crypto/btl_security_aes.o
 .debug_macro   0x00023796       0xbe ./crypto/btl_security_aes.o
 .debug_macro   0x00023854       0x16 ./crypto/btl_security_aes.o
 .debug_macro   0x0002386a      0x166 ./crypto/btl_security_aes.o
 .debug_macro   0x000239d0      0x304 ./crypto/btl_security_ecdsa.o
 .debug_macro   0x00023cd4       0x10 ./crypto/btl_security_ecdsa.o
 .debug_macro   0x00023ce4       0x1c ./crypto/btl_security_ecdsa.o
 .debug_macro   0x00023d00      0x2d3 ./crypto/btl_security_ecdsa.o
 .debug_macro   0x00023fd3      0x2f5 ./crypto/btl_security_sha256.o
 .debug_macro   0x000242c8      0x41f ./crypto/ecc.o
 .debug_macro   0x000246e7       0x16 ./crypto/ecc.o
 .debug_macro   0x000246fd       0x97 ./crypto/ecc.o
 .debug_macro   0x00024794       0xef ./crypto/ecc.o
 .debug_macro   0x00024883       0x16 ./crypto/ecc.o
 .debug_macro   0x00024899       0x22 ./crypto/ecc.o
 .debug_macro   0x000248bb       0x52 ./crypto/ecc.o
 .debug_macro   0x0002490d       0x16 ./crypto/ecc.o
 .debug_macro   0x00024923       0x94 ./crypto/ecc.o
 .debug_macro   0x000249b7      0x1b6 ./crypto/ecc.o
 .debug_macro   0x00024b6d       0xba ./crypto/ecc.o
 .debug_macro   0x00024c27      0x227 ./delay-driver/btl_driver_delay.o
 .debug_macro   0x00024e4e       0x25 ./delay-driver/btl_driver_delay.o
 .debug_macro   0x00024e73      0x2f6 ./emlib/em_cmu.o
 .debug_macro   0x00025169       0x73 ./emlib/em_cmu.o
 .debug_macro   0x000251dc      0x24e ./emlib/em_core.o
 .debug_macro   0x0002542a       0x63 ./emlib/em_core.o
 .debug_macro   0x0002548d      0x345 ./emlib/em_crypto.o
 .debug_macro   0x000257d2      0x239 ./emlib/em_gpio.o
 .debug_macro   0x00025a0b      0x24c ./emlib/em_msc.o
 .debug_macro   0x00025c57       0x34 ./emlib/em_msc.o
 .debug_macro   0x00025c8b       0x34 ./emlib/em_msc.o
 .debug_macro   0x00025cbf      0x227 ./emlib/em_system.o
 .debug_macro   0x00025ee6      0x227 ./emlib/em_timer.o
 .debug_macro   0x0002610d      0x4a8 ./ezsp-spi/btl_ezsp_spi.o
 .debug_macro   0x000265b5       0x34 ./ezsp-spi/btl_ezsp_spi.o
 .debug_macro   0x000265e9       0xbe ./ezsp-spi/btl_ezsp_spi.o
 .debug_macro   0x000266a7       0x2b ./ezsp-spi/btl_ezsp_spi.o
 .debug_macro   0x000266d2      0x27c ./gpio-activation/btl_gpio_activation.o
 .debug_macro   0x0002694e      0x39d ./mbedtls/crypto_aes.o
 .debug_macro   0x00026ceb       0x40 ./mbedtls/crypto_aes.o
 .debug_macro   0x00026d2b      0x37f ./mbedtls/crypto_management.o
 .debug_macro   0x000270aa      0x10e ./mbedtls/crypto_management.o
 .debug_macro   0x000271b8       0x7f ./mbedtls/crypto_management.o
 .debug_macro   0x00027237      0x3e5 ./mbedtls/crypto_sha.o
 .debug_macro   0x0002761c       0x18 ./mbedtls/crypto_sha.o
 .debug_macro   0x00027634       0x12 ./mbedtls/crypto_sha.o
 .debug_macro   0x00027646       0xd8 ./parser/btl_gbl_custom_tags.o
 .debug_macro   0x0002771e      0x2c3 ./parser/btl_image_parser.o
 .debug_macro   0x000279e1      0x32e ./spislave-driver/btl_driver_spislave.o
 .debug_macro   0x00027d0f       0x2d ./spislave-driver/btl_driver_spislave.o
 .debug_macro   0x00027d3c       0xb9 ./spislave-driver/btl_driver_spislave.o
 .debug_macro   0x00027df5      0x206 ./token-management/btl_security_tokens.o
 .debug_macro   0x00027ffb      0x2c2 ./xmodem-parser/btl_xmodem.o

.debug_line     0x00000000    0x13184
 .debug_line    0x00000000      0x7d9 ./CMSIS/system_efr32mg1p.o
 .debug_line    0x000007d9      0x89d ./core/EFR32/gcc/main_btl_startup.o
 .debug_line    0x00001076      0xadc ./core/btl_core.o
 .debug_line    0x00001b52     0x1180 ./core/btl_main.o
 .debug_line    0x00002cd2      0x2d2 ./crc/btl_crc16.o
 .debug_line    0x00002fa4      0x72e ./crc/btl_crc32.o
 .debug_line    0x000036d2      0xe62 ./crypto/btl_security_aes.o
 .debug_line    0x00004534      0x965 ./crypto/btl_security_ecdsa.o
 .debug_line    0x00004e99      0xaf0 ./crypto/btl_security_sha256.o
 .debug_line    0x00005989      0xf42 ./crypto/ecc.o
 .debug_line    0x000068cb      0x804 ./delay-driver/btl_driver_delay.o
 .debug_line    0x000070cf      0xfc5 ./emlib/em_cmu.o
 .debug_line    0x00008094      0xa19 ./emlib/em_core.o
 .debug_line    0x00008aad      0xd92 ./emlib/em_crypto.o
 .debug_line    0x0000983f      0x8ba ./emlib/em_gpio.o
 .debug_line    0x0000a0f9      0x92e ./emlib/em_msc.o
 .debug_line    0x0000aa27      0x7ad ./emlib/em_system.o
 .debug_line    0x0000b1d4      0x876 ./emlib/em_timer.o
 .debug_line    0x0000ba4a     0x13c9 ./ezsp-spi/btl_ezsp_spi.o
 .debug_line    0x0000ce13      0xa1e ./gpio-activation/btl_gpio_activation.o
 .debug_line    0x0000d831      0xe95 ./mbedtls/crypto_aes.o
 .debug_line    0x0000e6c6      0xb13 ./mbedtls/crypto_management.o
 .debug_line    0x0000f1d9      0xe42 ./mbedtls/crypto_sha.o
 .debug_line    0x0001001b      0x4d6 ./parser/btl_gbl_custom_tags.o
 .debug_line    0x000104f1      0xb5f ./parser/btl_image_parser.o
 .debug_line    0x00011050      0xdd0 ./spislave-driver/btl_driver_spislave.o
 .debug_line    0x00011e20      0x74f ./token-management/btl_security_tokens.o
 .debug_line    0x0001256f      0xc15 ./xmodem-parser/btl_xmodem.o

.debug_str      0x00000000    0xf9c2c
 .debug_str     0x00000000    0xe2fcd ./CMSIS/system_efr32mg1p.o
                              0xe31f5 (size before relaxing)
 .debug_str     0x000e2fcd     0x26f7 ./core/EFR32/gcc/main_btl_startup.o
                              0xe5352 (size before relaxing)
 .debug_str     0x000e56c4     0x1ca0 ./core/btl_core.o
                              0xe6a5f (size before relaxing)
 .debug_str     0x000e7364     0x2f14 ./core/btl_main.o
                              0xea25b (size before relaxing)
 .debug_str     0x000ea278       0xd2 ./crc/btl_crc16.o
                               0x363b (size before relaxing)
 .debug_str     0x000ea34a      0x11f ./crc/btl_crc32.o
                              0xe3262 (size before relaxing)
 .debug_str     0x000ea469     0x2d0f ./crypto/btl_security_aes.o
                              0xe913c (size before relaxing)
 .debug_str     0x000ed178      0x57b ./crypto/btl_security_ecdsa.o
                              0xe7736 (size before relaxing)
 .debug_str     0x000ed6f3      0x13d ./crypto/btl_security_sha256.o
                              0xe59cb (size before relaxing)
 .debug_str     0x000ed830     0x404b ./crypto/ecc.o
                              0xed32b (size before relaxing)
 .debug_str     0x000f187b      0x6a8 ./delay-driver/btl_driver_delay.o
                              0xe3582 (size before relaxing)
 .debug_str     0x000f1f23     0x110e ./emlib/em_cmu.o
                              0xe5a42 (size before relaxing)
 .debug_str     0x000f3031      0x602 ./emlib/em_core.o
                              0xe3b46 (size before relaxing)
 .debug_str     0x000f3633      0x895 ./emlib/em_crypto.o
                              0xe8bcc (size before relaxing)
 .debug_str     0x000f3ec8      0x3fe ./emlib/em_gpio.o
                              0xe3aaa (size before relaxing)
 .debug_str     0x000f42c6      0x4b9 ./emlib/em_msc.o
                              0xe31da (size before relaxing)
 .debug_str     0x000f477f       0xed ./emlib/em_system.o
                              0xe3032 (size before relaxing)
 .debug_str     0x000f486c      0x509 ./emlib/em_timer.o
                              0xe36b0 (size before relaxing)
 .debug_str     0x000f4d75      0xac5 ./ezsp-spi/btl_ezsp_spi.o
                              0xeb23e (size before relaxing)
 .debug_str     0x000f583a       0x9d ./gpio-activation/btl_gpio_activation.o
                              0xe4df6 (size before relaxing)
 .debug_str     0x000f58d7      0x34a ./mbedtls/crypto_aes.o
                              0xea1fd (size before relaxing)
 .debug_str     0x000f5c21      0x21d ./mbedtls/crypto_management.o
                              0xea144 (size before relaxing)
 .debug_str     0x000f5e3e      0x417 ./mbedtls/crypto_sha.o
                              0xea3e4 (size before relaxing)
 .debug_str     0x000f6255      0x130 ./parser/btl_gbl_custom_tags.o
                               0x3df8 (size before relaxing)
 .debug_str     0x000f6385      0x12b ./parser/btl_image_parser.o
                              0xe6f26 (size before relaxing)
 .debug_str     0x000f64b0     0x3640 ./spislave-driver/btl_driver_spislave.o
                              0xeb7ff (size before relaxing)
 .debug_str     0x000f9af0       0xa2 ./token-management/btl_security_tokens.o
                              0xe2c6f (size before relaxing)
 .debug_str     0x000f9b92       0x9a ./xmodem-parser/btl_xmodem.o
                              0xe6502 (size before relaxing)

.debug_frame    0x00000000     0x188c
 .debug_frame   0x00000000       0xb8 ./CMSIS/system_efr32mg1p.o
 .debug_frame   0x000000b8       0x38 ./core/EFR32/gcc/main_btl_startup.o
 .debug_frame   0x000000f0       0x30 ./core/btl_core.o
 .debug_frame   0x00000120       0x70 ./core/btl_main.o
 .debug_frame   0x00000190       0x3c ./crc/btl_crc16.o
 .debug_frame   0x000001cc       0x28 ./crc/btl_crc32.o
 .debug_frame   0x000001f4       0x90 ./crypto/btl_security_aes.o
 .debug_frame   0x00000284       0x34 ./crypto/btl_security_ecdsa.o
 .debug_frame   0x000002b8       0x64 ./crypto/btl_security_sha256.o
 .debug_frame   0x0000031c      0x1bc ./crypto/ecc.o
 .debug_frame   0x000004d8       0x68 ./delay-driver/btl_driver_delay.o
 .debug_frame   0x00000540      0x308 ./emlib/em_cmu.o
 .debug_frame   0x00000848      0x200 ./emlib/em_core.o
 .debug_frame   0x00000a48      0x3f0 ./emlib/em_crypto.o
 .debug_frame   0x00000e38       0x8c ./emlib/em_gpio.o
 .debug_frame   0x00000ec4       0xd8 ./emlib/em_msc.o
 .debug_frame   0x00000f9c       0x30 ./emlib/em_system.o
 .debug_frame   0x00000fcc       0x74 ./emlib/em_timer.o
 .debug_frame   0x00001040       0xc0 ./ezsp-spi/btl_ezsp_spi.o
 .debug_frame   0x00001100       0x2c ./gpio-activation/btl_gpio_activation.o
 .debug_frame   0x0000112c      0x208 ./mbedtls/crypto_aes.o
 .debug_frame   0x00001334       0x60 ./mbedtls/crypto_management.o
 .debug_frame   0x00001394      0x278 ./mbedtls/crypto_sha.o
 .debug_frame   0x0000160c       0x30 ./parser/btl_gbl_custom_tags.o
 .debug_frame   0x0000163c       0x50 ./parser/btl_image_parser.o
 .debug_frame   0x0000168c      0x104 ./spislave-driver/btl_driver_spislave.o
 .debug_frame   0x00001790       0x40 ./token-management/btl_security_tokens.o
 .debug_frame   0x000017d0       0x4c ./xmodem-parser/btl_xmodem.o
 .debug_frame   0x0000181c       0x28 d:/siliconlabs/simplicitystudio/v4/developer/toolchains/gnu_arm/4.9_2015q3/bin/../lib/gcc/arm-none-eabi/4.9.3/../../../../arm-none-eabi/lib/armv7e-m/softfp\libc_nano.a(lib_a-memcmp.o)
 .debug_frame   0x00001844       0x28 d:/siliconlabs/simplicitystudio/v4/developer/toolchains/gnu_arm/4.9_2015q3/bin/../lib/gcc/arm-none-eabi/4.9.3/../../../../arm-none-eabi/lib/armv7e-m/softfp\libc_nano.a(lib_a-memcpy.o)
 .debug_frame   0x0000186c       0x20 d:/siliconlabs/simplicitystudio/v4/developer/toolchains/gnu_arm/4.9_2015q3/bin/../lib/gcc/arm-none-eabi/4.9.3/../../../../arm-none-eabi/lib/armv7e-m/softfp\libc_nano.a(lib_a-memset.o)
